ÔòöÔòÉÔòÉÔòÉÔòÉÔòÉÔòÉÔòÉÔòÉÔòÉÔòÉÔòÉÔòÉÔòÉÔòÉÔòÉÔòÉÔòÉÔòÉÔòÉÔòÉÔòÉÔòÉÔòÉÔòÉÔòÉÔòÉÔòÉÔòÉÔòÉÔòÉÔòÉÔòÉÔòÉÔòÉÔòÉÔòÉÔòÉÔòÉÔòÉÔòÉÔòÉÔòÉÔòù
Ôòæ         FASE 1 ÔÇö SPEC LE├ìDA              Ôòæ
ÔòÜÔòÉÔòÉÔòÉÔòÉÔòÉÔòÉÔòÉÔòÉÔòÉÔòÉÔòÉÔòÉÔòÉÔòÉÔòÉÔòÉÔòÉÔòÉÔòÉÔòÉÔòÉÔòÉÔòÉÔòÉÔòÉÔòÉÔòÉÔòÉÔòÉÔòÉÔòÉÔòÉÔòÉÔòÉÔòÉÔòÉÔòÉÔòÉÔòÉÔòÉÔòÉÔòÉÔòØ

[Definiciones (8)]
  let digit = [0-9]
  let lower = [a-z]
  let upper = [A-Z]
  let letter = {lower}|{upper}
  let ws = \s|\t|\n|\r
  let id = ({letter}|_)(({letter}|_)|{digit})*
  let int_num = {digit}+
  let float_num = {digit}+\.{digit}+

[Reglas (25)]
  [1] pattern: {ws}+  =>  action: { return Token::Whitespace; }
  [2] pattern: //({letter}|{digit}|{ws})*  =>  action: { return Token::Comment; }
  [3] pattern: "if"  =>  action: { return Token::If; }
  [4] pattern: "else"  =>  action: { return Token::Else; }
  [5] pattern: "while"  =>  action: { return Token::While; }
  [6] pattern: "return"  =>  action: { return Token::Return; }
  [7] pattern: "int"  =>  action: { return Token::Int; }
  [8] pattern: "float"  =>  action: { return Token::Float; }
  [9] pattern: "struct"  =>  action: { return Token::Struct; }
  [10] pattern: {id}  =>  action: { return Token::Id(lexeme.to_string()); }
  [11] pattern: {float_num}  =>  action: { return Token::NumFloat(lexeme.parse().unwrap()); }
  [12] pattern: {int_num}  =>  action: { return Token::NumInt(lexeme.parse().unwrap()); }
  [13] pattern: "({letter}|{digit}|{ws})*"  =>  action: { return Token::StringLiteral(lexeme.to_string()); }
  [14] pattern: "{"  =>  action: { return Token::LBrace; }
  [15] pattern: "}"  =>  action: { return Token::RBrace; }
  [16] pattern: "("  =>  action: { return Token::LParen; }
  [17] pattern: ")"  =>  action: { return Token::RParen; }
  [18] pattern: ";"  =>  action: { return Token::Semicolon; }
  [19] pattern: ","  =>  action: { return Token::Comma; }
  [20] pattern: "+"  =>  action: { return Token::Plus; }
  [21] pattern: "-"  =>  action: { return Token::Minus; }
  [22] pattern: "*"  =>  action: { return Token::Star; }
  [23] pattern: "/"  =>  action: { return Token::Slash; }
  [24] pattern: "=="  =>  action: { return Token::Equals; }
  [25] pattern: "="  =>  action: { return Token::Assign; }

[Trailer]
{
// Este es el bloque TRAILER: C├│digo Rust que se copiar├í tal cual al final.
// Normalmente aqu├¡ va c├│digo auxiliar de ayuda o la funci├│n principal si el lexer corre solo.
fn lexer_error(lex: &str) {
    eprintln!("Error l├®xico encontrado: s├¡mbolo irreconocible '{}'", lex);
}

ÔòöÔòÉÔòÉÔòÉÔòÉÔòÉÔòÉÔòÉÔòÉÔòÉÔòÉÔòÉÔòÉÔòÉÔòÉÔòÉÔòÉÔòÉÔòÉÔòÉÔòÉÔòÉÔòÉÔòÉÔòÉÔòÉÔòÉÔòÉÔòÉÔòÉÔòÉÔòÉÔòÉÔòÉÔòÉÔòÉÔòÉÔòÉÔòÉÔòÉÔòÉÔòÉÔòÉÔòù
Ôòæ      FASE 2 ÔÇö REGLAS EXPANDIDAS          Ôòæ
ÔòÜÔòÉÔòÉÔòÉÔòÉÔòÉÔòÉÔòÉÔòÉÔòÉÔòÉÔòÉÔòÉÔòÉÔòÉÔòÉÔòÉÔòÉÔòÉÔòÉÔòÉÔòÉÔòÉÔòÉÔòÉÔòÉÔòÉÔòÉÔòÉÔòÉÔòÉÔòÉÔòÉÔòÉÔòÉÔòÉÔòÉÔòÉÔòÉÔòÉÔòÉÔòÉÔòÉÔòØ
  [1] (\s|\t|\n|\r)+  =>  { return Token::Whitespace; }
  [2] //((([a-z])|([A-Z]))|([0-9])|(\s|\t|\n|\r))*  =>  { return Token::Comment; }
  [3] "if"  =>  { return Token::If; }
  [4] "else"  =>  { return Token::Else; }
  [5] "while"  =>  { return Token::While; }
  [6] "return"  =>  { return Token::Return; }
  [7] "int"  =>  { return Token::Int; }
  [8] "float"  =>  { return Token::Float; }
  [9] "struct"  =>  { return Token::Struct; }
  [10] (((([a-z])|([A-Z]))|_)(((([a-z])|([A-Z]))|_)|([0-9]))*)  =>  { return Token::Id(lexeme.to_string()); }
  [11] (([0-9])+\.([0-9])+)  =>  { return Token::NumFloat(lexeme.parse().unwrap()); }
  [12] (([0-9])+)  =>  { return Token::NumInt(lexeme.parse().unwrap()); }
  [13] "((([a-z])|([A-Z]))|([0-9])|(\s|\t|\n|\r))*"  =>  { return Token::StringLiteral(lexeme.to_string()); }
  [14] "{"  =>  { return Token::LBrace; }
  [15] "}"  =>  { return Token::RBrace; }
  [16] "("  =>  { return Token::LParen; }
  [17] ")"  =>  { return Token::RParen; }
  [18] ";"  =>  { return Token::Semicolon; }
  [19] ","  =>  { return Token::Comma; }
  [20] "+"  =>  { return Token::Plus; }
  [21] "-"  =>  { return Token::Minus; }
  [22] "*"  =>  { return Token::Star; }
  [23] "/"  =>  { return Token::Slash; }
  [24] "=="  =>  { return Token::Equals; }
  [25] "="  =>  { return Token::Assign; }

ÔòöÔòÉÔòÉÔòÉÔòÉÔòÉÔòÉÔòÉÔòÉÔòÉÔòÉÔòÉÔòÉÔòÉÔòÉÔòÉÔòÉÔòÉÔòÉÔòÉÔòÉÔòÉÔòÉÔòÉÔòÉÔòÉÔòÉÔòÉÔòÉÔòÉÔòÉÔòÉÔòÉÔòÉÔòÉÔòÉÔòÉÔòÉÔòÉÔòÉÔòÉÔòÉÔòÉÔòù
Ôòæ   FASE 3 Y 7 ÔÇö AST INDIVIDUAL (cada uno) Ôòæ
Ôòæ           Y CONSTRUCCI├ôN NFA             Ôòæ
ÔòÜÔòÉÔòÉÔòÉÔòÉÔòÉÔòÉÔòÉÔòÉÔòÉÔòÉÔòÉÔòÉÔòÉÔòÉÔòÉÔòÉÔòÉÔòÉÔòÉÔòÉÔòÉÔòÉÔòÉÔòÉÔòÉÔòÉÔòÉÔòÉÔòÉÔòÉÔòÉÔòÉÔòÉÔòÉÔòÉÔòÉÔòÉÔòÉÔòÉÔòÉÔòÉÔòÉÔòØ

  Regla [1] ÔÇö acci├│n: { return Token::Whitespace; }
  Regex expandida: (\s|\t|\n|\r)+
  [AST Individual Construido Correctamente]
  Ô£ô graphs/ast_rule_0.png generado correctamente.
  [AFN Construido: 28 estados generados]

  Regla [2] ÔÇö acci├│n: { return Token::Comment; }
  Regex expandida: //((([a-z])|([A-Z]))|([0-9])|(\s|\t|\n|\r))*
  [AST Individual Construido Correctamente]
  Ô£ô graphs/ast_rule_1.png generado correctamente.
! DEBUG: Expandiendo rango de a a z
! DEBUG: Expandiendo rango de A a Z
! DEBUG: Expandiendo rango de 0 a 9
  [AFN Construido: 168 estados generados]

  Regla [3] ÔÇö acci├│n: { return Token::If; }
  Regex expandida: "if"
  [AST Individual Construido Correctamente]
  Ô£ô graphs/ast_rule_2.png generado correctamente.
  [AFN Construido: 4 estados generados]

  Regla [4] ÔÇö acci├│n: { return Token::Else; }
  Regex expandida: "else"
  [AST Individual Construido Correctamente]
  Ô£ô graphs/ast_rule_3.png generado correctamente.
  [AFN Construido: 8 estados generados]

  Regla [5] ÔÇö acci├│n: { return Token::While; }
  Regex expandida: "while"
  [AST Individual Construido Correctamente]
  Ô£ô graphs/ast_rule_4.png generado correctamente.
  [AFN Construido: 10 estados generados]

  Regla [6] ÔÇö acci├│n: { return Token::Return; }
  Regex expandida: "return"
  [AST Individual Construido Correctamente]
  Ô£ô graphs/ast_rule_5.png generado correctamente.
  [AFN Construido: 12 estados generados]

  Regla [7] ÔÇö acci├│n: { return Token::Int; }
  Regex expandida: "int"
  [AST Individual Construido Correctamente]
  Ô£ô graphs/ast_rule_6.png generado correctamente.
  [AFN Construido: 6 estados generados]

  Regla [8] ÔÇö acci├│n: { return Token::Float; }
  Regex expandida: "float"
  [AST Individual Construido Correctamente]
